I'm sorry, but errors were detected in your script. Please correct the
errors listed below, and try again.


File "game/script.rpy", line 35: expected statement.
    action SetVariable("money", money - 50)
                      ^

Ren'Py Version: Ren'Py 8.0.3.22090809
Mon Oct 24 19:22:00 2022
